| (parameter req (parameter 1 (member post *))) | (return (member join (root https://www.npmjs.com/package/path))) | (parameter 0 (root https://www.npmjs.com/package/sanitize-path)) |
| (parameter req (parameter 1 (member post *))) | (return (root https://www.npmjs.com/package/sanitize-path)) | (parameter 0 (member writeFile *)) |
