| (member * (member * (parameter req *))) | (return (member * (root https://www.npmjs.com/package/path))) | (parameter 0 (member * (root https://www.npmjs.com/package/fs))) |
| (member * (member * (parameter req *))) | (return (member * (root https://www.npmjs.com/package/path))) | (parameter 0 (member writeFile (root https://www.npmjs.com/package/fs))) |
| (member * (member * (parameter req *))) | (return (member * (root https://www.npmjs.com/package/path))) | (parameter 0 (member writeFile *)) |
| (member * (member * (parameter req *))) | (return (member join (root https://www.npmjs.com/package/path))) | (parameter 0 (member * (root https://www.npmjs.com/package/fs))) |
| (member * (member * (parameter req *))) | (return (member join (root https://www.npmjs.com/package/path))) | (parameter 0 (member writeFile (root https://www.npmjs.com/package/fs))) |
| (member * (member * (parameter req *))) | (return (member join (root https://www.npmjs.com/package/path))) | (parameter 0 (member writeFile *)) |
| (member * (member * (parameter req *))) | (return (member join *)) | (parameter 0 (member * (root https://www.npmjs.com/package/fs))) |
| (member * (member * (parameter req *))) | (return (member join *)) | (parameter 0 (member writeFile (root https://www.npmjs.com/package/fs))) |
| (member * (member * (parameter req *))) | (return (member join *)) | (parameter 0 (member writeFile *)) |
| (member * (member * (parameter req *))) | (return (member test *)) | (parameter 0 (member * (root https://www.npmjs.com/package/fs))) |
| (member * (member * (parameter req *))) | (return (member test *)) | (parameter 0 (member writeFile (root https://www.npmjs.com/package/fs))) |
| (member * (member * (parameter req *))) | (return (member test *)) | (parameter 0 (member writeFile *)) |
| (member * (member * (parameter req *))) | (return (root https://www.npmjs.com/package/sanitize-path)) | (parameter 0 (member * (root https://www.npmjs.com/package/fs))) |
| (member * (member * (parameter req *))) | (return (root https://www.npmjs.com/package/sanitize-path)) | (parameter 0 (member writeFile (root https://www.npmjs.com/package/fs))) |
| (member * (member * (parameter req *))) | (return (root https://www.npmjs.com/package/sanitize-path)) | (parameter 0 (member writeFile *)) |
| (member * (member body (parameter req *))) | (return (member * (root https://www.npmjs.com/package/path))) | (parameter 0 (member * (root https://www.npmjs.com/package/fs))) |
| (member * (member body (parameter req *))) | (return (member * (root https://www.npmjs.com/package/path))) | (parameter 0 (member writeFile (root https://www.npmjs.com/package/fs))) |
| (member * (member body (parameter req *))) | (return (member * (root https://www.npmjs.com/package/path))) | (parameter 0 (member writeFile *)) |
| (member * (member body (parameter req *))) | (return (member join (root https://www.npmjs.com/package/path))) | (parameter 0 (member * (root https://www.npmjs.com/package/fs))) |
| (member * (member body (parameter req *))) | (return (member join (root https://www.npmjs.com/package/path))) | (parameter 0 (member writeFile (root https://www.npmjs.com/package/fs))) |
| (member * (member body (parameter req *))) | (return (member join (root https://www.npmjs.com/package/path))) | (parameter 0 (member writeFile *)) |
| (member * (member body (parameter req *))) | (return (member join *)) | (parameter 0 (member * (root https://www.npmjs.com/package/fs))) |
| (member * (member body (parameter req *))) | (return (member join *)) | (parameter 0 (member writeFile (root https://www.npmjs.com/package/fs))) |
| (member * (member body (parameter req *))) | (return (member join *)) | (parameter 0 (member writeFile *)) |
| (member * (member body (parameter req *))) | (return (member test *)) | (parameter 0 (member * (root https://www.npmjs.com/package/fs))) |
| (member * (member body (parameter req *))) | (return (member test *)) | (parameter 0 (member writeFile (root https://www.npmjs.com/package/fs))) |
| (member * (member body (parameter req *))) | (return (member test *)) | (parameter 0 (member writeFile *)) |
| (member * (member body (parameter req *))) | (return (root https://www.npmjs.com/package/sanitize-path)) | (parameter 0 (member * (root https://www.npmjs.com/package/fs))) |
| (member * (member body (parameter req *))) | (return (root https://www.npmjs.com/package/sanitize-path)) | (parameter 0 (member writeFile (root https://www.npmjs.com/package/fs))) |
| (member * (member body (parameter req *))) | (return (root https://www.npmjs.com/package/sanitize-path)) | (parameter 0 (member writeFile *)) |
| (member * (member body *)) | (return (member * (root https://www.npmjs.com/package/path))) | (parameter 0 (member * (root https://www.npmjs.com/package/fs))) |
| (member * (member body *)) | (return (member * (root https://www.npmjs.com/package/path))) | (parameter 0 (member writeFile (root https://www.npmjs.com/package/fs))) |
| (member * (member body *)) | (return (member * (root https://www.npmjs.com/package/path))) | (parameter 0 (member writeFile *)) |
| (member * (member body *)) | (return (member join (root https://www.npmjs.com/package/path))) | (parameter 0 (member * (root https://www.npmjs.com/package/fs))) |
| (member * (member body *)) | (return (member join (root https://www.npmjs.com/package/path))) | (parameter 0 (member writeFile (root https://www.npmjs.com/package/fs))) |
| (member * (member body *)) | (return (member join (root https://www.npmjs.com/package/path))) | (parameter 0 (member writeFile *)) |
| (member * (member body *)) | (return (member join *)) | (parameter 0 (member * (root https://www.npmjs.com/package/fs))) |
| (member * (member body *)) | (return (member join *)) | (parameter 0 (member writeFile (root https://www.npmjs.com/package/fs))) |
| (member * (member body *)) | (return (member join *)) | (parameter 0 (member writeFile *)) |
| (member * (member body *)) | (return (member test *)) | (parameter 0 (member * (root https://www.npmjs.com/package/fs))) |
| (member * (member body *)) | (return (member test *)) | (parameter 0 (member writeFile (root https://www.npmjs.com/package/fs))) |
| (member * (member body *)) | (return (member test *)) | (parameter 0 (member writeFile *)) |
| (member * (member body *)) | (return (root https://www.npmjs.com/package/sanitize-path)) | (parameter 0 (member * (root https://www.npmjs.com/package/fs))) |
| (member * (member body *)) | (return (root https://www.npmjs.com/package/sanitize-path)) | (parameter 0 (member writeFile (root https://www.npmjs.com/package/fs))) |
| (member * (member body *)) | (return (root https://www.npmjs.com/package/sanitize-path)) | (parameter 0 (member writeFile *)) |
| (member * (parameter req (parameter 1 (member post *)))) | (return (member * (root https://www.npmjs.com/package/path))) | (parameter 0 (member * (root https://www.npmjs.com/package/fs))) |
| (member * (parameter req (parameter 1 (member post *)))) | (return (member * (root https://www.npmjs.com/package/path))) | (parameter 0 (member writeFile (root https://www.npmjs.com/package/fs))) |
| (member * (parameter req (parameter 1 (member post *)))) | (return (member * (root https://www.npmjs.com/package/path))) | (parameter 0 (member writeFile *)) |
| (member * (parameter req (parameter 1 (member post *)))) | (return (member join (root https://www.npmjs.com/package/path))) | (parameter 0 (member * (root https://www.npmjs.com/package/fs))) |
| (member * (parameter req (parameter 1 (member post *)))) | (return (member join (root https://www.npmjs.com/package/path))) | (parameter 0 (member writeFile (root https://www.npmjs.com/package/fs))) |
| (member * (parameter req (parameter 1 (member post *)))) | (return (member join (root https://www.npmjs.com/package/path))) | (parameter 0 (member writeFile *)) |
| (member * (parameter req (parameter 1 (member post *)))) | (return (member join *)) | (parameter 0 (member * (root https://www.npmjs.com/package/fs))) |
| (member * (parameter req (parameter 1 (member post *)))) | (return (member join *)) | (parameter 0 (member writeFile (root https://www.npmjs.com/package/fs))) |
| (member * (parameter req (parameter 1 (member post *)))) | (return (member join *)) | (parameter 0 (member writeFile *)) |
| (member * (parameter req (parameter 1 (member post *)))) | (return (member test *)) | (parameter 0 (member * (root https://www.npmjs.com/package/fs))) |
| (member * (parameter req (parameter 1 (member post *)))) | (return (member test *)) | (parameter 0 (member writeFile (root https://www.npmjs.com/package/fs))) |
| (member * (parameter req (parameter 1 (member post *)))) | (return (member test *)) | (parameter 0 (member writeFile *)) |
| (member * (parameter req (parameter 1 (member post *)))) | (return (root https://www.npmjs.com/package/sanitize-path)) | (parameter 0 (member * (root https://www.npmjs.com/package/fs))) |
| (member * (parameter req (parameter 1 (member post *)))) | (return (root https://www.npmjs.com/package/sanitize-path)) | (parameter 0 (member writeFile (root https://www.npmjs.com/package/fs))) |
| (member * (parameter req (parameter 1 (member post *)))) | (return (root https://www.npmjs.com/package/sanitize-path)) | (parameter 0 (member writeFile *)) |
| (member * (parameter req *)) | (return (member * (root https://www.npmjs.com/package/path))) | (parameter 0 (member * (root https://www.npmjs.com/package/fs))) |
| (member * (parameter req *)) | (return (member * (root https://www.npmjs.com/package/path))) | (parameter 0 (member writeFile (root https://www.npmjs.com/package/fs))) |
| (member * (parameter req *)) | (return (member * (root https://www.npmjs.com/package/path))) | (parameter 0 (member writeFile *)) |
| (member * (parameter req *)) | (return (member join (root https://www.npmjs.com/package/path))) | (parameter 0 (member * (root https://www.npmjs.com/package/fs))) |
| (member * (parameter req *)) | (return (member join (root https://www.npmjs.com/package/path))) | (parameter 0 (member writeFile (root https://www.npmjs.com/package/fs))) |
| (member * (parameter req *)) | (return (member join (root https://www.npmjs.com/package/path))) | (parameter 0 (member writeFile *)) |
| (member * (parameter req *)) | (return (member join *)) | (parameter 0 (member * (root https://www.npmjs.com/package/fs))) |
| (member * (parameter req *)) | (return (member join *)) | (parameter 0 (member writeFile (root https://www.npmjs.com/package/fs))) |
| (member * (parameter req *)) | (return (member join *)) | (parameter 0 (member writeFile *)) |
| (member * (parameter req *)) | (return (member test *)) | (parameter 0 (member * (root https://www.npmjs.com/package/fs))) |
| (member * (parameter req *)) | (return (member test *)) | (parameter 0 (member writeFile (root https://www.npmjs.com/package/fs))) |
| (member * (parameter req *)) | (return (member test *)) | (parameter 0 (member writeFile *)) |
| (member * (parameter req *)) | (return (root https://www.npmjs.com/package/sanitize-path)) | (parameter 0 (member * (root https://www.npmjs.com/package/fs))) |
| (member * (parameter req *)) | (return (root https://www.npmjs.com/package/sanitize-path)) | (parameter 0 (member writeFile (root https://www.npmjs.com/package/fs))) |
| (member * (parameter req *)) | (return (root https://www.npmjs.com/package/sanitize-path)) | (parameter 0 (member writeFile *)) |
| (member body (parameter req (parameter 1 (member post *)))) | (return (member * (root https://www.npmjs.com/package/path))) | (parameter 0 (member * (root https://www.npmjs.com/package/fs))) |
| (member body (parameter req (parameter 1 (member post *)))) | (return (member * (root https://www.npmjs.com/package/path))) | (parameter 0 (member writeFile (root https://www.npmjs.com/package/fs))) |
| (member body (parameter req (parameter 1 (member post *)))) | (return (member * (root https://www.npmjs.com/package/path))) | (parameter 0 (member writeFile *)) |
| (member body (parameter req (parameter 1 (member post *)))) | (return (member join (root https://www.npmjs.com/package/path))) | (parameter 0 (member * (root https://www.npmjs.com/package/fs))) |
| (member body (parameter req (parameter 1 (member post *)))) | (return (member join (root https://www.npmjs.com/package/path))) | (parameter 0 (member writeFile (root https://www.npmjs.com/package/fs))) |
| (member body (parameter req (parameter 1 (member post *)))) | (return (member join (root https://www.npmjs.com/package/path))) | (parameter 0 (member writeFile *)) |
| (member body (parameter req (parameter 1 (member post *)))) | (return (member join *)) | (parameter 0 (member * (root https://www.npmjs.com/package/fs))) |
| (member body (parameter req (parameter 1 (member post *)))) | (return (member join *)) | (parameter 0 (member writeFile (root https://www.npmjs.com/package/fs))) |
| (member body (parameter req (parameter 1 (member post *)))) | (return (member join *)) | (parameter 0 (member writeFile *)) |
| (member body (parameter req (parameter 1 (member post *)))) | (return (member test *)) | (parameter 0 (member * (root https://www.npmjs.com/package/fs))) |
| (member body (parameter req (parameter 1 (member post *)))) | (return (member test *)) | (parameter 0 (member writeFile (root https://www.npmjs.com/package/fs))) |
| (member body (parameter req (parameter 1 (member post *)))) | (return (member test *)) | (parameter 0 (member writeFile *)) |
| (member body (parameter req (parameter 1 (member post *)))) | (return (root https://www.npmjs.com/package/sanitize-path)) | (parameter 0 (member * (root https://www.npmjs.com/package/fs))) |
| (member body (parameter req (parameter 1 (member post *)))) | (return (root https://www.npmjs.com/package/sanitize-path)) | (parameter 0 (member writeFile (root https://www.npmjs.com/package/fs))) |
| (member body (parameter req (parameter 1 (member post *)))) | (return (root https://www.npmjs.com/package/sanitize-path)) | (parameter 0 (member writeFile *)) |
| (member body (parameter req *)) | (return (member * (root https://www.npmjs.com/package/path))) | (parameter 0 (member * (root https://www.npmjs.com/package/fs))) |
| (member body (parameter req *)) | (return (member * (root https://www.npmjs.com/package/path))) | (parameter 0 (member writeFile (root https://www.npmjs.com/package/fs))) |
| (member body (parameter req *)) | (return (member * (root https://www.npmjs.com/package/path))) | (parameter 0 (member writeFile *)) |
| (member body (parameter req *)) | (return (member join (root https://www.npmjs.com/package/path))) | (parameter 0 (member * (root https://www.npmjs.com/package/fs))) |
| (member body (parameter req *)) | (return (member join (root https://www.npmjs.com/package/path))) | (parameter 0 (member writeFile (root https://www.npmjs.com/package/fs))) |
| (member body (parameter req *)) | (return (member join (root https://www.npmjs.com/package/path))) | (parameter 0 (member writeFile *)) |
| (member body (parameter req *)) | (return (member join *)) | (parameter 0 (member * (root https://www.npmjs.com/package/fs))) |
| (member body (parameter req *)) | (return (member join *)) | (parameter 0 (member writeFile (root https://www.npmjs.com/package/fs))) |
| (member body (parameter req *)) | (return (member join *)) | (parameter 0 (member writeFile *)) |
| (member body (parameter req *)) | (return (member test *)) | (parameter 0 (member * (root https://www.npmjs.com/package/fs))) |
| (member body (parameter req *)) | (return (member test *)) | (parameter 0 (member writeFile (root https://www.npmjs.com/package/fs))) |
| (member body (parameter req *)) | (return (member test *)) | (parameter 0 (member writeFile *)) |
| (member body (parameter req *)) | (return (root https://www.npmjs.com/package/sanitize-path)) | (parameter 0 (member * (root https://www.npmjs.com/package/fs))) |
| (member body (parameter req *)) | (return (root https://www.npmjs.com/package/sanitize-path)) | (parameter 0 (member writeFile (root https://www.npmjs.com/package/fs))) |
| (member body (parameter req *)) | (return (root https://www.npmjs.com/package/sanitize-path)) | (parameter 0 (member writeFile *)) |
| (member body *) | (return (member * (root https://www.npmjs.com/package/path))) | (parameter 0 (member * (root https://www.npmjs.com/package/fs))) |
| (member body *) | (return (member * (root https://www.npmjs.com/package/path))) | (parameter 0 (member writeFile (root https://www.npmjs.com/package/fs))) |
| (member body *) | (return (member * (root https://www.npmjs.com/package/path))) | (parameter 0 (member writeFile *)) |
| (member body *) | (return (member join (root https://www.npmjs.com/package/path))) | (parameter 0 (member * (root https://www.npmjs.com/package/fs))) |
| (member body *) | (return (member join (root https://www.npmjs.com/package/path))) | (parameter 0 (member writeFile (root https://www.npmjs.com/package/fs))) |
| (member body *) | (return (member join (root https://www.npmjs.com/package/path))) | (parameter 0 (member writeFile *)) |
| (member body *) | (return (member join *)) | (parameter 0 (member * (root https://www.npmjs.com/package/fs))) |
| (member body *) | (return (member join *)) | (parameter 0 (member writeFile (root https://www.npmjs.com/package/fs))) |
| (member body *) | (return (member join *)) | (parameter 0 (member writeFile *)) |
| (member body *) | (return (member test *)) | (parameter 0 (member * (root https://www.npmjs.com/package/fs))) |
| (member body *) | (return (member test *)) | (parameter 0 (member writeFile (root https://www.npmjs.com/package/fs))) |
| (member body *) | (return (member test *)) | (parameter 0 (member writeFile *)) |
| (member body *) | (return (root https://www.npmjs.com/package/sanitize-path)) | (parameter 0 (member * (root https://www.npmjs.com/package/fs))) |
| (member body *) | (return (root https://www.npmjs.com/package/sanitize-path)) | (parameter 0 (member writeFile (root https://www.npmjs.com/package/fs))) |
| (member body *) | (return (root https://www.npmjs.com/package/sanitize-path)) | (parameter 0 (member writeFile *)) |
| (member path (member * (parameter req *))) | (return (member * (root https://www.npmjs.com/package/path))) | (parameter 0 (member * (root https://www.npmjs.com/package/fs))) |
| (member path (member * (parameter req *))) | (return (member * (root https://www.npmjs.com/package/path))) | (parameter 0 (member writeFile (root https://www.npmjs.com/package/fs))) |
| (member path (member * (parameter req *))) | (return (member * (root https://www.npmjs.com/package/path))) | (parameter 0 (member writeFile *)) |
| (member path (member * (parameter req *))) | (return (member join (root https://www.npmjs.com/package/path))) | (parameter 0 (member * (root https://www.npmjs.com/package/fs))) |
| (member path (member * (parameter req *))) | (return (member join (root https://www.npmjs.com/package/path))) | (parameter 0 (member writeFile (root https://www.npmjs.com/package/fs))) |
| (member path (member * (parameter req *))) | (return (member join (root https://www.npmjs.com/package/path))) | (parameter 0 (member writeFile *)) |
| (member path (member * (parameter req *))) | (return (member join *)) | (parameter 0 (member * (root https://www.npmjs.com/package/fs))) |
| (member path (member * (parameter req *))) | (return (member join *)) | (parameter 0 (member writeFile (root https://www.npmjs.com/package/fs))) |
| (member path (member * (parameter req *))) | (return (member join *)) | (parameter 0 (member writeFile *)) |
| (member path (member * (parameter req *))) | (return (member test *)) | (parameter 0 (member * (root https://www.npmjs.com/package/fs))) |
| (member path (member * (parameter req *))) | (return (member test *)) | (parameter 0 (member writeFile (root https://www.npmjs.com/package/fs))) |
| (member path (member * (parameter req *))) | (return (member test *)) | (parameter 0 (member writeFile *)) |
| (member path (member * (parameter req *))) | (return (root https://www.npmjs.com/package/sanitize-path)) | (parameter 0 (member * (root https://www.npmjs.com/package/fs))) |
| (member path (member * (parameter req *))) | (return (root https://www.npmjs.com/package/sanitize-path)) | (parameter 0 (member writeFile (root https://www.npmjs.com/package/fs))) |
| (member path (member * (parameter req *))) | (return (root https://www.npmjs.com/package/sanitize-path)) | (parameter 0 (member writeFile *)) |
| (member path (member body (parameter req *))) | (return (member * (root https://www.npmjs.com/package/path))) | (parameter 0 (member * (root https://www.npmjs.com/package/fs))) |
| (member path (member body (parameter req *))) | (return (member * (root https://www.npmjs.com/package/path))) | (parameter 0 (member writeFile (root https://www.npmjs.com/package/fs))) |
| (member path (member body (parameter req *))) | (return (member * (root https://www.npmjs.com/package/path))) | (parameter 0 (member writeFile *)) |
| (member path (member body (parameter req *))) | (return (member join (root https://www.npmjs.com/package/path))) | (parameter 0 (member * (root https://www.npmjs.com/package/fs))) |
| (member path (member body (parameter req *))) | (return (member join (root https://www.npmjs.com/package/path))) | (parameter 0 (member writeFile (root https://www.npmjs.com/package/fs))) |
| (member path (member body (parameter req *))) | (return (member join (root https://www.npmjs.com/package/path))) | (parameter 0 (member writeFile *)) |
| (member path (member body (parameter req *))) | (return (member join *)) | (parameter 0 (member * (root https://www.npmjs.com/package/fs))) |
| (member path (member body (parameter req *))) | (return (member join *)) | (parameter 0 (member writeFile (root https://www.npmjs.com/package/fs))) |
| (member path (member body (parameter req *))) | (return (member join *)) | (parameter 0 (member writeFile *)) |
| (member path (member body (parameter req *))) | (return (member test *)) | (parameter 0 (member * (root https://www.npmjs.com/package/fs))) |
| (member path (member body (parameter req *))) | (return (member test *)) | (parameter 0 (member writeFile (root https://www.npmjs.com/package/fs))) |
| (member path (member body (parameter req *))) | (return (member test *)) | (parameter 0 (member writeFile *)) |
| (member path (member body (parameter req *))) | (return (root https://www.npmjs.com/package/sanitize-path)) | (parameter 0 (member * (root https://www.npmjs.com/package/fs))) |
| (member path (member body (parameter req *))) | (return (root https://www.npmjs.com/package/sanitize-path)) | (parameter 0 (member writeFile (root https://www.npmjs.com/package/fs))) |
| (member path (member body (parameter req *))) | (return (root https://www.npmjs.com/package/sanitize-path)) | (parameter 0 (member writeFile *)) |
| (member path (member body *)) | (return (member * (root https://www.npmjs.com/package/path))) | (parameter 0 (member * (root https://www.npmjs.com/package/fs))) |
| (member path (member body *)) | (return (member * (root https://www.npmjs.com/package/path))) | (parameter 0 (member writeFile (root https://www.npmjs.com/package/fs))) |
| (member path (member body *)) | (return (member * (root https://www.npmjs.com/package/path))) | (parameter 0 (member writeFile *)) |
| (member path (member body *)) | (return (member join (root https://www.npmjs.com/package/path))) | (parameter 0 (member * (root https://www.npmjs.com/package/fs))) |
| (member path (member body *)) | (return (member join (root https://www.npmjs.com/package/path))) | (parameter 0 (member writeFile (root https://www.npmjs.com/package/fs))) |
| (member path (member body *)) | (return (member join (root https://www.npmjs.com/package/path))) | (parameter 0 (member writeFile *)) |
| (member path (member body *)) | (return (member join *)) | (parameter 0 (member * (root https://www.npmjs.com/package/fs))) |
| (member path (member body *)) | (return (member join *)) | (parameter 0 (member writeFile (root https://www.npmjs.com/package/fs))) |
| (member path (member body *)) | (return (member join *)) | (parameter 0 (member writeFile *)) |
| (member path (member body *)) | (return (member test *)) | (parameter 0 (member * (root https://www.npmjs.com/package/fs))) |
| (member path (member body *)) | (return (member test *)) | (parameter 0 (member writeFile (root https://www.npmjs.com/package/fs))) |
| (member path (member body *)) | (return (member test *)) | (parameter 0 (member writeFile *)) |
| (member path (member body *)) | (return (root https://www.npmjs.com/package/sanitize-path)) | (parameter 0 (member * (root https://www.npmjs.com/package/fs))) |
| (member path (member body *)) | (return (root https://www.npmjs.com/package/sanitize-path)) | (parameter 0 (member writeFile (root https://www.npmjs.com/package/fs))) |
| (member path (member body *)) | (return (root https://www.npmjs.com/package/sanitize-path)) | (parameter 0 (member writeFile *)) |
| (member path *) | (return (member * (root https://www.npmjs.com/package/path))) | (parameter 0 (member * (root https://www.npmjs.com/package/fs))) |
| (member path *) | (return (member * (root https://www.npmjs.com/package/path))) | (parameter 0 (member writeFile (root https://www.npmjs.com/package/fs))) |
| (member path *) | (return (member * (root https://www.npmjs.com/package/path))) | (parameter 0 (member writeFile *)) |
| (member path *) | (return (member join (root https://www.npmjs.com/package/path))) | (parameter 0 (member * (root https://www.npmjs.com/package/fs))) |
| (member path *) | (return (member join (root https://www.npmjs.com/package/path))) | (parameter 0 (member writeFile (root https://www.npmjs.com/package/fs))) |
| (member path *) | (return (member join (root https://www.npmjs.com/package/path))) | (parameter 0 (member writeFile *)) |
| (member path *) | (return (member join *)) | (parameter 0 (member * (root https://www.npmjs.com/package/fs))) |
| (member path *) | (return (member join *)) | (parameter 0 (member writeFile (root https://www.npmjs.com/package/fs))) |
| (member path *) | (return (member join *)) | (parameter 0 (member writeFile *)) |
| (member path *) | (return (member test *)) | (parameter 0 (member * (root https://www.npmjs.com/package/fs))) |
| (member path *) | (return (member test *)) | (parameter 0 (member writeFile (root https://www.npmjs.com/package/fs))) |
| (member path *) | (return (member test *)) | (parameter 0 (member writeFile *)) |
| (member path *) | (return (root https://www.npmjs.com/package/sanitize-path)) | (parameter 0 (member * (root https://www.npmjs.com/package/fs))) |
| (member path *) | (return (root https://www.npmjs.com/package/sanitize-path)) | (parameter 0 (member writeFile (root https://www.npmjs.com/package/fs))) |
| (member path *) | (return (root https://www.npmjs.com/package/sanitize-path)) | (parameter 0 (member writeFile *)) |
| (parameter req (parameter 1 (member post *))) | (return (member * (root https://www.npmjs.com/package/path))) | (parameter 0 (member * (root https://www.npmjs.com/package/fs))) |
| (parameter req (parameter 1 (member post *))) | (return (member * (root https://www.npmjs.com/package/path))) | (parameter 0 (member writeFile (root https://www.npmjs.com/package/fs))) |
| (parameter req (parameter 1 (member post *))) | (return (member * (root https://www.npmjs.com/package/path))) | (parameter 0 (member writeFile *)) |
| (parameter req (parameter 1 (member post *))) | (return (member join (root https://www.npmjs.com/package/path))) | (parameter 0 (member * (root https://www.npmjs.com/package/fs))) |
| (parameter req (parameter 1 (member post *))) | (return (member join (root https://www.npmjs.com/package/path))) | (parameter 0 (member writeFile (root https://www.npmjs.com/package/fs))) |
| (parameter req (parameter 1 (member post *))) | (return (member join (root https://www.npmjs.com/package/path))) | (parameter 0 (member writeFile *)) |
| (parameter req (parameter 1 (member post *))) | (return (member join *)) | (parameter 0 (member * (root https://www.npmjs.com/package/fs))) |
| (parameter req (parameter 1 (member post *))) | (return (member join *)) | (parameter 0 (member writeFile (root https://www.npmjs.com/package/fs))) |
| (parameter req (parameter 1 (member post *))) | (return (member join *)) | (parameter 0 (member writeFile *)) |
| (parameter req (parameter 1 (member post *))) | (return (member test *)) | (parameter 0 (member * (root https://www.npmjs.com/package/fs))) |
| (parameter req (parameter 1 (member post *))) | (return (member test *)) | (parameter 0 (member writeFile (root https://www.npmjs.com/package/fs))) |
| (parameter req (parameter 1 (member post *))) | (return (member test *)) | (parameter 0 (member writeFile *)) |
| (parameter req (parameter 1 (member post *))) | (return (root https://www.npmjs.com/package/sanitize-path)) | (parameter 0 (member * (root https://www.npmjs.com/package/fs))) |
| (parameter req (parameter 1 (member post *))) | (return (root https://www.npmjs.com/package/sanitize-path)) | (parameter 0 (member writeFile (root https://www.npmjs.com/package/fs))) |
| (parameter req (parameter 1 (member post *))) | (return (root https://www.npmjs.com/package/sanitize-path)) | (parameter 0 (member writeFile *)) |
| (parameter req *) | (return (member * (root https://www.npmjs.com/package/path))) | (parameter 0 (member * (root https://www.npmjs.com/package/fs))) |
| (parameter req *) | (return (member * (root https://www.npmjs.com/package/path))) | (parameter 0 (member writeFile (root https://www.npmjs.com/package/fs))) |
| (parameter req *) | (return (member * (root https://www.npmjs.com/package/path))) | (parameter 0 (member writeFile *)) |
| (parameter req *) | (return (member join (root https://www.npmjs.com/package/path))) | (parameter 0 (member * (root https://www.npmjs.com/package/fs))) |
| (parameter req *) | (return (member join (root https://www.npmjs.com/package/path))) | (parameter 0 (member writeFile (root https://www.npmjs.com/package/fs))) |
| (parameter req *) | (return (member join (root https://www.npmjs.com/package/path))) | (parameter 0 (member writeFile *)) |
| (parameter req *) | (return (member join *)) | (parameter 0 (member * (root https://www.npmjs.com/package/fs))) |
| (parameter req *) | (return (member join *)) | (parameter 0 (member writeFile (root https://www.npmjs.com/package/fs))) |
| (parameter req *) | (return (member join *)) | (parameter 0 (member writeFile *)) |
| (parameter req *) | (return (member test *)) | (parameter 0 (member * (root https://www.npmjs.com/package/fs))) |
| (parameter req *) | (return (member test *)) | (parameter 0 (member writeFile (root https://www.npmjs.com/package/fs))) |
| (parameter req *) | (return (member test *)) | (parameter 0 (member writeFile *)) |
| (parameter req *) | (return (root https://www.npmjs.com/package/sanitize-path)) | (parameter 0 (member * (root https://www.npmjs.com/package/fs))) |
| (parameter req *) | (return (root https://www.npmjs.com/package/sanitize-path)) | (parameter 0 (member writeFile (root https://www.npmjs.com/package/fs))) |
| (parameter req *) | (return (root https://www.npmjs.com/package/sanitize-path)) | (parameter 0 (member writeFile *)) |
