| (member * (parameter parm (parameter 0 (member callback *)))) | (return (member * (root https://www.npmjs.com/package/lib))) | (parameter 0 (member * (root https://www.npmjs.com/package/lib))) |
| (member * (parameter parm (parameter 0 (member callback *)))) | (return (member * (root https://www.npmjs.com/package/lib))) | (parameter 0 (member sink (root https://www.npmjs.com/package/lib))) |
| (member * (parameter parm (parameter 0 (member callback *)))) | (return (member * (root https://www.npmjs.com/package/lib))) | (parameter 0 (member sink *)) |
| (member * (parameter parm (parameter 0 (member callback *)))) | (return (member sanitize (root https://www.npmjs.com/package/lib))) | (parameter 0 (member * (root https://www.npmjs.com/package/lib))) |
| (member * (parameter parm (parameter 0 (member callback *)))) | (return (member sanitize (root https://www.npmjs.com/package/lib))) | (parameter 0 (member sink (root https://www.npmjs.com/package/lib))) |
| (member * (parameter parm (parameter 0 (member callback *)))) | (return (member sanitize (root https://www.npmjs.com/package/lib))) | (parameter 0 (member sink *)) |
| (member * (parameter parm (parameter 0 (member callback *)))) | (return (member sanitize *)) | (parameter 0 (member * (root https://www.npmjs.com/package/lib))) |
| (member * (parameter parm (parameter 0 (member callback *)))) | (return (member sanitize *)) | (parameter 0 (member sink (root https://www.npmjs.com/package/lib))) |
| (member * (parameter parm (parameter 0 (member callback *)))) | (return (member sanitize *)) | (parameter 0 (member sink *)) |
| (member * (parameter parm *)) | (return (member * (root https://www.npmjs.com/package/lib))) | (parameter 0 (member * (root https://www.npmjs.com/package/lib))) |
| (member * (parameter parm *)) | (return (member * (root https://www.npmjs.com/package/lib))) | (parameter 0 (member sink (root https://www.npmjs.com/package/lib))) |
| (member * (parameter parm *)) | (return (member * (root https://www.npmjs.com/package/lib))) | (parameter 0 (member sink *)) |
| (member * (parameter parm *)) | (return (member sanitize (root https://www.npmjs.com/package/lib))) | (parameter 0 (member * (root https://www.npmjs.com/package/lib))) |
| (member * (parameter parm *)) | (return (member sanitize (root https://www.npmjs.com/package/lib))) | (parameter 0 (member sink (root https://www.npmjs.com/package/lib))) |
| (member * (parameter parm *)) | (return (member sanitize (root https://www.npmjs.com/package/lib))) | (parameter 0 (member sink *)) |
| (member * (parameter parm *)) | (return (member sanitize *)) | (parameter 0 (member * (root https://www.npmjs.com/package/lib))) |
| (member * (parameter parm *)) | (return (member sanitize *)) | (parameter 0 (member sink (root https://www.npmjs.com/package/lib))) |
| (member * (parameter parm *)) | (return (member sanitize *)) | (parameter 0 (member sink *)) |
| (member f (parameter parm (parameter 0 (member callback *)))) | (return (member * (root https://www.npmjs.com/package/lib))) | (parameter 0 (member * (root https://www.npmjs.com/package/lib))) |
| (member f (parameter parm (parameter 0 (member callback *)))) | (return (member * (root https://www.npmjs.com/package/lib))) | (parameter 0 (member sink (root https://www.npmjs.com/package/lib))) |
| (member f (parameter parm (parameter 0 (member callback *)))) | (return (member * (root https://www.npmjs.com/package/lib))) | (parameter 0 (member sink *)) |
| (member f (parameter parm (parameter 0 (member callback *)))) | (return (member sanitize (root https://www.npmjs.com/package/lib))) | (parameter 0 (member * (root https://www.npmjs.com/package/lib))) |
| (member f (parameter parm (parameter 0 (member callback *)))) | (return (member sanitize (root https://www.npmjs.com/package/lib))) | (parameter 0 (member sink (root https://www.npmjs.com/package/lib))) |
| (member f (parameter parm (parameter 0 (member callback *)))) | (return (member sanitize (root https://www.npmjs.com/package/lib))) | (parameter 0 (member sink *)) |
| (member f (parameter parm (parameter 0 (member callback *)))) | (return (member sanitize *)) | (parameter 0 (member * (root https://www.npmjs.com/package/lib))) |
| (member f (parameter parm (parameter 0 (member callback *)))) | (return (member sanitize *)) | (parameter 0 (member sink (root https://www.npmjs.com/package/lib))) |
| (member f (parameter parm (parameter 0 (member callback *)))) | (return (member sanitize *)) | (parameter 0 (member sink *)) |
| (member f (parameter parm *)) | (return (member * (root https://www.npmjs.com/package/lib))) | (parameter 0 (member * (root https://www.npmjs.com/package/lib))) |
| (member f (parameter parm *)) | (return (member * (root https://www.npmjs.com/package/lib))) | (parameter 0 (member sink (root https://www.npmjs.com/package/lib))) |
| (member f (parameter parm *)) | (return (member * (root https://www.npmjs.com/package/lib))) | (parameter 0 (member sink *)) |
| (member f (parameter parm *)) | (return (member sanitize (root https://www.npmjs.com/package/lib))) | (parameter 0 (member * (root https://www.npmjs.com/package/lib))) |
| (member f (parameter parm *)) | (return (member sanitize (root https://www.npmjs.com/package/lib))) | (parameter 0 (member sink (root https://www.npmjs.com/package/lib))) |
| (member f (parameter parm *)) | (return (member sanitize (root https://www.npmjs.com/package/lib))) | (parameter 0 (member sink *)) |
| (member f (parameter parm *)) | (return (member sanitize *)) | (parameter 0 (member * (root https://www.npmjs.com/package/lib))) |
| (member f (parameter parm *)) | (return (member sanitize *)) | (parameter 0 (member sink (root https://www.npmjs.com/package/lib))) |
| (member f (parameter parm *)) | (return (member sanitize *)) | (parameter 0 (member sink *)) |
| (member f *) | (return (member * (root https://www.npmjs.com/package/lib))) | (parameter 0 (member * (root https://www.npmjs.com/package/lib))) |
| (member f *) | (return (member * (root https://www.npmjs.com/package/lib))) | (parameter 0 (member sink (root https://www.npmjs.com/package/lib))) |
| (member f *) | (return (member * (root https://www.npmjs.com/package/lib))) | (parameter 0 (member sink *)) |
| (member f *) | (return (member sanitize (root https://www.npmjs.com/package/lib))) | (parameter 0 (member * (root https://www.npmjs.com/package/lib))) |
| (member f *) | (return (member sanitize (root https://www.npmjs.com/package/lib))) | (parameter 0 (member sink (root https://www.npmjs.com/package/lib))) |
| (member f *) | (return (member sanitize (root https://www.npmjs.com/package/lib))) | (parameter 0 (member sink *)) |
| (member f *) | (return (member sanitize *)) | (parameter 0 (member * (root https://www.npmjs.com/package/lib))) |
| (member f *) | (return (member sanitize *)) | (parameter 0 (member sink (root https://www.npmjs.com/package/lib))) |
| (member f *) | (return (member sanitize *)) | (parameter 0 (member sink *)) |
| (parameter parm (parameter 0 (member * (root https://www.npmjs.com/package/lib)))) | (return (member * (root https://www.npmjs.com/package/lib))) | (parameter 0 (member * (root https://www.npmjs.com/package/lib))) |
| (parameter parm (parameter 0 (member * (root https://www.npmjs.com/package/lib)))) | (return (member * (root https://www.npmjs.com/package/lib))) | (parameter 0 (member sink (root https://www.npmjs.com/package/lib))) |
| (parameter parm (parameter 0 (member * (root https://www.npmjs.com/package/lib)))) | (return (member * (root https://www.npmjs.com/package/lib))) | (parameter 0 (member sink *)) |
| (parameter parm (parameter 0 (member * (root https://www.npmjs.com/package/lib)))) | (return (member sanitize (root https://www.npmjs.com/package/lib))) | (parameter 0 (member * (root https://www.npmjs.com/package/lib))) |
| (parameter parm (parameter 0 (member * (root https://www.npmjs.com/package/lib)))) | (return (member sanitize (root https://www.npmjs.com/package/lib))) | (parameter 0 (member sink (root https://www.npmjs.com/package/lib))) |
| (parameter parm (parameter 0 (member * (root https://www.npmjs.com/package/lib)))) | (return (member sanitize (root https://www.npmjs.com/package/lib))) | (parameter 0 (member sink *)) |
| (parameter parm (parameter 0 (member * (root https://www.npmjs.com/package/lib)))) | (return (member sanitize *)) | (parameter 0 (member * (root https://www.npmjs.com/package/lib))) |
| (parameter parm (parameter 0 (member * (root https://www.npmjs.com/package/lib)))) | (return (member sanitize *)) | (parameter 0 (member sink (root https://www.npmjs.com/package/lib))) |
| (parameter parm (parameter 0 (member * (root https://www.npmjs.com/package/lib)))) | (return (member sanitize *)) | (parameter 0 (member sink *)) |
| (parameter parm (parameter 0 (member callback (root https://www.npmjs.com/package/lib)))) | (return (member * (root https://www.npmjs.com/package/lib))) | (parameter 0 (member * (root https://www.npmjs.com/package/lib))) |
| (parameter parm (parameter 0 (member callback (root https://www.npmjs.com/package/lib)))) | (return (member * (root https://www.npmjs.com/package/lib))) | (parameter 0 (member sink (root https://www.npmjs.com/package/lib))) |
| (parameter parm (parameter 0 (member callback (root https://www.npmjs.com/package/lib)))) | (return (member * (root https://www.npmjs.com/package/lib))) | (parameter 0 (member sink *)) |
| (parameter parm (parameter 0 (member callback (root https://www.npmjs.com/package/lib)))) | (return (member sanitize (root https://www.npmjs.com/package/lib))) | (parameter 0 (member * (root https://www.npmjs.com/package/lib))) |
| (parameter parm (parameter 0 (member callback (root https://www.npmjs.com/package/lib)))) | (return (member sanitize (root https://www.npmjs.com/package/lib))) | (parameter 0 (member sink (root https://www.npmjs.com/package/lib))) |
| (parameter parm (parameter 0 (member callback (root https://www.npmjs.com/package/lib)))) | (return (member sanitize (root https://www.npmjs.com/package/lib))) | (parameter 0 (member sink *)) |
| (parameter parm (parameter 0 (member callback (root https://www.npmjs.com/package/lib)))) | (return (member sanitize *)) | (parameter 0 (member * (root https://www.npmjs.com/package/lib))) |
| (parameter parm (parameter 0 (member callback (root https://www.npmjs.com/package/lib)))) | (return (member sanitize *)) | (parameter 0 (member sink (root https://www.npmjs.com/package/lib))) |
| (parameter parm (parameter 0 (member callback (root https://www.npmjs.com/package/lib)))) | (return (member sanitize *)) | (parameter 0 (member sink *)) |
| (parameter parm (parameter 0 (member callback *))) | (return (member * (root https://www.npmjs.com/package/lib))) | (parameter 0 (member * (root https://www.npmjs.com/package/lib))) |
| (parameter parm (parameter 0 (member callback *))) | (return (member * (root https://www.npmjs.com/package/lib))) | (parameter 0 (member sink (root https://www.npmjs.com/package/lib))) |
| (parameter parm (parameter 0 (member callback *))) | (return (member * (root https://www.npmjs.com/package/lib))) | (parameter 0 (member sink *)) |
| (parameter parm (parameter 0 (member callback *))) | (return (member sanitize (root https://www.npmjs.com/package/lib))) | (parameter 0 (member * (root https://www.npmjs.com/package/lib))) |
| (parameter parm (parameter 0 (member callback *))) | (return (member sanitize (root https://www.npmjs.com/package/lib))) | (parameter 0 (member sink (root https://www.npmjs.com/package/lib))) |
| (parameter parm (parameter 0 (member callback *))) | (return (member sanitize (root https://www.npmjs.com/package/lib))) | (parameter 0 (member sink *)) |
| (parameter parm (parameter 0 (member callback *))) | (return (member sanitize *)) | (parameter 0 (member * (root https://www.npmjs.com/package/lib))) |
| (parameter parm (parameter 0 (member callback *))) | (return (member sanitize *)) | (parameter 0 (member sink (root https://www.npmjs.com/package/lib))) |
| (parameter parm (parameter 0 (member callback *))) | (return (member sanitize *)) | (parameter 0 (member sink *)) |
| (parameter parm *) | (return (member * (root https://www.npmjs.com/package/lib))) | (parameter 0 (member * (root https://www.npmjs.com/package/lib))) |
| (parameter parm *) | (return (member * (root https://www.npmjs.com/package/lib))) | (parameter 0 (member sink (root https://www.npmjs.com/package/lib))) |
| (parameter parm *) | (return (member * (root https://www.npmjs.com/package/lib))) | (parameter 0 (member sink *)) |
| (parameter parm *) | (return (member sanitize (root https://www.npmjs.com/package/lib))) | (parameter 0 (member * (root https://www.npmjs.com/package/lib))) |
| (parameter parm *) | (return (member sanitize (root https://www.npmjs.com/package/lib))) | (parameter 0 (member sink (root https://www.npmjs.com/package/lib))) |
| (parameter parm *) | (return (member sanitize (root https://www.npmjs.com/package/lib))) | (parameter 0 (member sink *)) |
| (parameter parm *) | (return (member sanitize *)) | (parameter 0 (member * (root https://www.npmjs.com/package/lib))) |
| (parameter parm *) | (return (member sanitize *)) | (parameter 0 (member sink (root https://www.npmjs.com/package/lib))) |
| (parameter parm *) | (return (member sanitize *)) | (parameter 0 (member sink *)) |
| (return (member * (root https://www.npmjs.com/package/lib))) | (return (member * (root https://www.npmjs.com/package/lib))) | (member * (parameter 0 (member * (root https://www.npmjs.com/package/lib)))) |
| (return (member * (root https://www.npmjs.com/package/lib))) | (return (member * (root https://www.npmjs.com/package/lib))) | (member * (parameter 0 (member sink2 (root https://www.npmjs.com/package/lib)))) |
| (return (member * (root https://www.npmjs.com/package/lib))) | (return (member * (root https://www.npmjs.com/package/lib))) | (member * (parameter 0 (member sink2 *))) |
| (return (member * (root https://www.npmjs.com/package/lib))) | (return (member * (root https://www.npmjs.com/package/lib))) | (member prop (parameter 0 (member * (root https://www.npmjs.com/package/lib)))) |
| (return (member * (root https://www.npmjs.com/package/lib))) | (return (member * (root https://www.npmjs.com/package/lib))) | (member prop (parameter 0 (member sink2 (root https://www.npmjs.com/package/lib)))) |
| (return (member * (root https://www.npmjs.com/package/lib))) | (return (member * (root https://www.npmjs.com/package/lib))) | (member prop (parameter 0 (member sink2 *))) |
| (return (member * (root https://www.npmjs.com/package/lib))) | (return (member * (root https://www.npmjs.com/package/lib))) | (member prop *) |
| (return (member * (root https://www.npmjs.com/package/lib))) | (return (member * (root https://www.npmjs.com/package/lib))) | (parameter 0 (member * (root https://www.npmjs.com/package/lib))) |
| (return (member * (root https://www.npmjs.com/package/lib))) | (return (member * (root https://www.npmjs.com/package/lib))) | (parameter 0 (member sink2 (root https://www.npmjs.com/package/lib))) |
| (return (member * (root https://www.npmjs.com/package/lib))) | (return (member * (root https://www.npmjs.com/package/lib))) | (parameter 0 (member sink2 *)) |
| (return (member * (root https://www.npmjs.com/package/lib))) | (return (member * (root https://www.npmjs.com/package/lib))) | (parameter 0 (member sink (root https://www.npmjs.com/package/lib))) |
| (return (member * (root https://www.npmjs.com/package/lib))) | (return (member * (root https://www.npmjs.com/package/lib))) | (parameter 0 (member sink *)) |
| (return (member * (root https://www.npmjs.com/package/lib))) | (return (member sanitize (root https://www.npmjs.com/package/lib))) | (member * (parameter 0 (member * (root https://www.npmjs.com/package/lib)))) |
| (return (member * (root https://www.npmjs.com/package/lib))) | (return (member sanitize (root https://www.npmjs.com/package/lib))) | (member * (parameter 0 (member sink2 (root https://www.npmjs.com/package/lib)))) |
| (return (member * (root https://www.npmjs.com/package/lib))) | (return (member sanitize (root https://www.npmjs.com/package/lib))) | (member * (parameter 0 (member sink2 *))) |
| (return (member * (root https://www.npmjs.com/package/lib))) | (return (member sanitize (root https://www.npmjs.com/package/lib))) | (member prop (parameter 0 (member * (root https://www.npmjs.com/package/lib)))) |
| (return (member * (root https://www.npmjs.com/package/lib))) | (return (member sanitize (root https://www.npmjs.com/package/lib))) | (member prop (parameter 0 (member sink2 (root https://www.npmjs.com/package/lib)))) |
| (return (member * (root https://www.npmjs.com/package/lib))) | (return (member sanitize (root https://www.npmjs.com/package/lib))) | (member prop (parameter 0 (member sink2 *))) |
| (return (member * (root https://www.npmjs.com/package/lib))) | (return (member sanitize (root https://www.npmjs.com/package/lib))) | (member prop *) |
| (return (member * (root https://www.npmjs.com/package/lib))) | (return (member sanitize (root https://www.npmjs.com/package/lib))) | (parameter 0 (member * (root https://www.npmjs.com/package/lib))) |
| (return (member * (root https://www.npmjs.com/package/lib))) | (return (member sanitize (root https://www.npmjs.com/package/lib))) | (parameter 0 (member sink2 (root https://www.npmjs.com/package/lib))) |
| (return (member * (root https://www.npmjs.com/package/lib))) | (return (member sanitize (root https://www.npmjs.com/package/lib))) | (parameter 0 (member sink2 *)) |
| (return (member * (root https://www.npmjs.com/package/lib))) | (return (member sanitize (root https://www.npmjs.com/package/lib))) | (parameter 0 (member sink (root https://www.npmjs.com/package/lib))) |
| (return (member * (root https://www.npmjs.com/package/lib))) | (return (member sanitize (root https://www.npmjs.com/package/lib))) | (parameter 0 (member sink *)) |
| (return (member * (root https://www.npmjs.com/package/lib))) | (return (member sanitize *)) | (member * (parameter 0 (member * (root https://www.npmjs.com/package/lib)))) |
| (return (member * (root https://www.npmjs.com/package/lib))) | (return (member sanitize *)) | (member * (parameter 0 (member sink2 (root https://www.npmjs.com/package/lib)))) |
| (return (member * (root https://www.npmjs.com/package/lib))) | (return (member sanitize *)) | (member * (parameter 0 (member sink2 *))) |
| (return (member * (root https://www.npmjs.com/package/lib))) | (return (member sanitize *)) | (member prop (parameter 0 (member * (root https://www.npmjs.com/package/lib)))) |
| (return (member * (root https://www.npmjs.com/package/lib))) | (return (member sanitize *)) | (member prop (parameter 0 (member sink2 (root https://www.npmjs.com/package/lib)))) |
| (return (member * (root https://www.npmjs.com/package/lib))) | (return (member sanitize *)) | (member prop (parameter 0 (member sink2 *))) |
| (return (member * (root https://www.npmjs.com/package/lib))) | (return (member sanitize *)) | (member prop *) |
| (return (member * (root https://www.npmjs.com/package/lib))) | (return (member sanitize *)) | (parameter 0 (member * (root https://www.npmjs.com/package/lib))) |
| (return (member * (root https://www.npmjs.com/package/lib))) | (return (member sanitize *)) | (parameter 0 (member sink2 (root https://www.npmjs.com/package/lib))) |
| (return (member * (root https://www.npmjs.com/package/lib))) | (return (member sanitize *)) | (parameter 0 (member sink2 *)) |
| (return (member * (root https://www.npmjs.com/package/lib))) | (return (member sanitize *)) | (parameter 0 (member sink (root https://www.npmjs.com/package/lib))) |
| (return (member * (root https://www.npmjs.com/package/lib))) | (return (member sanitize *)) | (parameter 0 (member sink *)) |
| (return (member source (root https://www.npmjs.com/package/lib))) | (return (member * (root https://www.npmjs.com/package/lib))) | (member * (parameter 0 (member * (root https://www.npmjs.com/package/lib)))) |
| (return (member source (root https://www.npmjs.com/package/lib))) | (return (member * (root https://www.npmjs.com/package/lib))) | (member * (parameter 0 (member sink2 (root https://www.npmjs.com/package/lib)))) |
| (return (member source (root https://www.npmjs.com/package/lib))) | (return (member * (root https://www.npmjs.com/package/lib))) | (member * (parameter 0 (member sink2 *))) |
| (return (member source (root https://www.npmjs.com/package/lib))) | (return (member * (root https://www.npmjs.com/package/lib))) | (member prop (parameter 0 (member * (root https://www.npmjs.com/package/lib)))) |
| (return (member source (root https://www.npmjs.com/package/lib))) | (return (member * (root https://www.npmjs.com/package/lib))) | (member prop (parameter 0 (member sink2 (root https://www.npmjs.com/package/lib)))) |
| (return (member source (root https://www.npmjs.com/package/lib))) | (return (member * (root https://www.npmjs.com/package/lib))) | (member prop (parameter 0 (member sink2 *))) |
| (return (member source (root https://www.npmjs.com/package/lib))) | (return (member * (root https://www.npmjs.com/package/lib))) | (member prop *) |
| (return (member source (root https://www.npmjs.com/package/lib))) | (return (member * (root https://www.npmjs.com/package/lib))) | (parameter 0 (member * (root https://www.npmjs.com/package/lib))) |
| (return (member source (root https://www.npmjs.com/package/lib))) | (return (member * (root https://www.npmjs.com/package/lib))) | (parameter 0 (member sink2 (root https://www.npmjs.com/package/lib))) |
| (return (member source (root https://www.npmjs.com/package/lib))) | (return (member * (root https://www.npmjs.com/package/lib))) | (parameter 0 (member sink2 *)) |
| (return (member source (root https://www.npmjs.com/package/lib))) | (return (member * (root https://www.npmjs.com/package/lib))) | (parameter 0 (member sink (root https://www.npmjs.com/package/lib))) |
| (return (member source (root https://www.npmjs.com/package/lib))) | (return (member * (root https://www.npmjs.com/package/lib))) | (parameter 0 (member sink *)) |
| (return (member source (root https://www.npmjs.com/package/lib))) | (return (member sanitize (root https://www.npmjs.com/package/lib))) | (member * (parameter 0 (member * (root https://www.npmjs.com/package/lib)))) |
| (return (member source (root https://www.npmjs.com/package/lib))) | (return (member sanitize (root https://www.npmjs.com/package/lib))) | (member * (parameter 0 (member sink2 (root https://www.npmjs.com/package/lib)))) |
| (return (member source (root https://www.npmjs.com/package/lib))) | (return (member sanitize (root https://www.npmjs.com/package/lib))) | (member * (parameter 0 (member sink2 *))) |
| (return (member source (root https://www.npmjs.com/package/lib))) | (return (member sanitize (root https://www.npmjs.com/package/lib))) | (member prop (parameter 0 (member * (root https://www.npmjs.com/package/lib)))) |
| (return (member source (root https://www.npmjs.com/package/lib))) | (return (member sanitize (root https://www.npmjs.com/package/lib))) | (member prop (parameter 0 (member sink2 (root https://www.npmjs.com/package/lib)))) |
| (return (member source (root https://www.npmjs.com/package/lib))) | (return (member sanitize (root https://www.npmjs.com/package/lib))) | (member prop (parameter 0 (member sink2 *))) |
| (return (member source (root https://www.npmjs.com/package/lib))) | (return (member sanitize (root https://www.npmjs.com/package/lib))) | (member prop *) |
| (return (member source (root https://www.npmjs.com/package/lib))) | (return (member sanitize (root https://www.npmjs.com/package/lib))) | (parameter 0 (member * (root https://www.npmjs.com/package/lib))) |
| (return (member source (root https://www.npmjs.com/package/lib))) | (return (member sanitize (root https://www.npmjs.com/package/lib))) | (parameter 0 (member sink2 (root https://www.npmjs.com/package/lib))) |
| (return (member source (root https://www.npmjs.com/package/lib))) | (return (member sanitize (root https://www.npmjs.com/package/lib))) | (parameter 0 (member sink2 *)) |
| (return (member source (root https://www.npmjs.com/package/lib))) | (return (member sanitize (root https://www.npmjs.com/package/lib))) | (parameter 0 (member sink (root https://www.npmjs.com/package/lib))) |
| (return (member source (root https://www.npmjs.com/package/lib))) | (return (member sanitize (root https://www.npmjs.com/package/lib))) | (parameter 0 (member sink *)) |
| (return (member source (root https://www.npmjs.com/package/lib))) | (return (member sanitize *)) | (member * (parameter 0 (member * (root https://www.npmjs.com/package/lib)))) |
| (return (member source (root https://www.npmjs.com/package/lib))) | (return (member sanitize *)) | (member * (parameter 0 (member sink2 (root https://www.npmjs.com/package/lib)))) |
| (return (member source (root https://www.npmjs.com/package/lib))) | (return (member sanitize *)) | (member * (parameter 0 (member sink2 *))) |
| (return (member source (root https://www.npmjs.com/package/lib))) | (return (member sanitize *)) | (member prop (parameter 0 (member * (root https://www.npmjs.com/package/lib)))) |
| (return (member source (root https://www.npmjs.com/package/lib))) | (return (member sanitize *)) | (member prop (parameter 0 (member sink2 (root https://www.npmjs.com/package/lib)))) |
| (return (member source (root https://www.npmjs.com/package/lib))) | (return (member sanitize *)) | (member prop (parameter 0 (member sink2 *))) |
| (return (member source (root https://www.npmjs.com/package/lib))) | (return (member sanitize *)) | (member prop *) |
| (return (member source (root https://www.npmjs.com/package/lib))) | (return (member sanitize *)) | (parameter 0 (member * (root https://www.npmjs.com/package/lib))) |
| (return (member source (root https://www.npmjs.com/package/lib))) | (return (member sanitize *)) | (parameter 0 (member sink2 (root https://www.npmjs.com/package/lib))) |
| (return (member source (root https://www.npmjs.com/package/lib))) | (return (member sanitize *)) | (parameter 0 (member sink2 *)) |
| (return (member source (root https://www.npmjs.com/package/lib))) | (return (member sanitize *)) | (parameter 0 (member sink (root https://www.npmjs.com/package/lib))) |
| (return (member source (root https://www.npmjs.com/package/lib))) | (return (member sanitize *)) | (parameter 0 (member sink *)) |
| (return (member source *)) | (return (member * (root https://www.npmjs.com/package/lib))) | (member * (parameter 0 (member * (root https://www.npmjs.com/package/lib)))) |
| (return (member source *)) | (return (member * (root https://www.npmjs.com/package/lib))) | (member * (parameter 0 (member sink2 (root https://www.npmjs.com/package/lib)))) |
| (return (member source *)) | (return (member * (root https://www.npmjs.com/package/lib))) | (member * (parameter 0 (member sink2 *))) |
| (return (member source *)) | (return (member * (root https://www.npmjs.com/package/lib))) | (member prop (parameter 0 (member * (root https://www.npmjs.com/package/lib)))) |
| (return (member source *)) | (return (member * (root https://www.npmjs.com/package/lib))) | (member prop (parameter 0 (member sink2 (root https://www.npmjs.com/package/lib)))) |
| (return (member source *)) | (return (member * (root https://www.npmjs.com/package/lib))) | (member prop (parameter 0 (member sink2 *))) |
| (return (member source *)) | (return (member * (root https://www.npmjs.com/package/lib))) | (member prop *) |
| (return (member source *)) | (return (member * (root https://www.npmjs.com/package/lib))) | (parameter 0 (member * (root https://www.npmjs.com/package/lib))) |
| (return (member source *)) | (return (member * (root https://www.npmjs.com/package/lib))) | (parameter 0 (member sink2 (root https://www.npmjs.com/package/lib))) |
| (return (member source *)) | (return (member * (root https://www.npmjs.com/package/lib))) | (parameter 0 (member sink2 *)) |
| (return (member source *)) | (return (member * (root https://www.npmjs.com/package/lib))) | (parameter 0 (member sink (root https://www.npmjs.com/package/lib))) |
| (return (member source *)) | (return (member * (root https://www.npmjs.com/package/lib))) | (parameter 0 (member sink *)) |
| (return (member source *)) | (return (member sanitize (root https://www.npmjs.com/package/lib))) | (member * (parameter 0 (member * (root https://www.npmjs.com/package/lib)))) |
| (return (member source *)) | (return (member sanitize (root https://www.npmjs.com/package/lib))) | (member * (parameter 0 (member sink2 (root https://www.npmjs.com/package/lib)))) |
| (return (member source *)) | (return (member sanitize (root https://www.npmjs.com/package/lib))) | (member * (parameter 0 (member sink2 *))) |
| (return (member source *)) | (return (member sanitize (root https://www.npmjs.com/package/lib))) | (member prop (parameter 0 (member * (root https://www.npmjs.com/package/lib)))) |
| (return (member source *)) | (return (member sanitize (root https://www.npmjs.com/package/lib))) | (member prop (parameter 0 (member sink2 (root https://www.npmjs.com/package/lib)))) |
| (return (member source *)) | (return (member sanitize (root https://www.npmjs.com/package/lib))) | (member prop (parameter 0 (member sink2 *))) |
| (return (member source *)) | (return (member sanitize (root https://www.npmjs.com/package/lib))) | (member prop *) |
| (return (member source *)) | (return (member sanitize (root https://www.npmjs.com/package/lib))) | (parameter 0 (member * (root https://www.npmjs.com/package/lib))) |
| (return (member source *)) | (return (member sanitize (root https://www.npmjs.com/package/lib))) | (parameter 0 (member sink2 (root https://www.npmjs.com/package/lib))) |
| (return (member source *)) | (return (member sanitize (root https://www.npmjs.com/package/lib))) | (parameter 0 (member sink2 *)) |
| (return (member source *)) | (return (member sanitize (root https://www.npmjs.com/package/lib))) | (parameter 0 (member sink (root https://www.npmjs.com/package/lib))) |
| (return (member source *)) | (return (member sanitize (root https://www.npmjs.com/package/lib))) | (parameter 0 (member sink *)) |
| (return (member source *)) | (return (member sanitize *)) | (member * (parameter 0 (member * (root https://www.npmjs.com/package/lib)))) |
| (return (member source *)) | (return (member sanitize *)) | (member * (parameter 0 (member sink2 (root https://www.npmjs.com/package/lib)))) |
| (return (member source *)) | (return (member sanitize *)) | (member * (parameter 0 (member sink2 *))) |
| (return (member source *)) | (return (member sanitize *)) | (member prop (parameter 0 (member * (root https://www.npmjs.com/package/lib)))) |
| (return (member source *)) | (return (member sanitize *)) | (member prop (parameter 0 (member sink2 (root https://www.npmjs.com/package/lib)))) |
| (return (member source *)) | (return (member sanitize *)) | (member prop (parameter 0 (member sink2 *))) |
| (return (member source *)) | (return (member sanitize *)) | (member prop *) |
| (return (member source *)) | (return (member sanitize *)) | (parameter 0 (member * (root https://www.npmjs.com/package/lib))) |
| (return (member source *)) | (return (member sanitize *)) | (parameter 0 (member sink2 (root https://www.npmjs.com/package/lib))) |
| (return (member source *)) | (return (member sanitize *)) | (parameter 0 (member sink2 *)) |
| (return (member source *)) | (return (member sanitize *)) | (parameter 0 (member sink (root https://www.npmjs.com/package/lib))) |
| (return (member source *)) | (return (member sanitize *)) | (parameter 0 (member sink *)) |
