| a | b | c |
| aa | ab | ac |
| aa | ab | ac' |
| aa | ab | ac'' |
| ba | bb | bc |
| ba' | bb | bc |
| d | e | f |
| g | h | i |
| j | k | l |
| j | k | l' |
| j | k' | l' |
| k | k' | l' |
| m | n | o |
| p | q | r |
| p | q | r' |
| p | q' | r' |
| q | q' | r' |
| s | t | u |
| v | w | x |
| v | w' | x |
| w | w' | x |
